// Jest Snapshot v1, https://goo.gl/fbAQLP

exports[`Correctly render Map component 1`] = `
<div
  style={
    Object {
      "height": "800px",
    }
  }
/>
`;
