// Jest Snapshot v1, https://goo.gl/fbAQLP

exports[`Correctly render PrivateRoute component 1`] = `null`;
