// Jest Snapshot v1, https://goo.gl/fbAQLP

exports[`Render App correctly 1`] = `
<div
  className="page page--gray page--main"
>
  <header
    className="header"
  >
    <div
      className="container"
    >
      <div
        className="header__wrapper"
      >
        <div
          className="header__left"
        >
          <a
            className="header__logo-link header__logo-link--active"
          >
            <img
              alt="6 cities logo"
              className="header__logo"
              height="41"
              src="img/logo.svg"
              width="81"
            />
          </a>
        </div>
        <nav
          className="header__nav"
        >
          <ul
            className="header__nav-list"
          >
            <li
              className="header__nav-item user"
            >
              <a
                className="header__nav-link header__nav-link--profile"
                href="#"
              >
                <div
                  className="header__avatar-wrapper user__avatar-wrapper"
                />
                <span
                  className="header__user-name user__name"
                  onClick={[Function]}
                >
                  Oliver.conner@gmail.com
                </span>
              </a>
            </li>
          </ul>
        </nav>
      </div>
    </div>
  </header>
  <main
    className="page__main page__main--index"
  >
    <h1
      className="visually-hidden"
    >
      Cities
    </h1>
    <div
      className="tabs"
    >
      <section
        className="locations container"
      >
        <ul
          className="locations__list tabs__list"
        />
      </section>
    </div>
    <div
      className="cities"
    >
      <div
        className="cities__places-container container"
      >
        <section
          className="cities__places places"
        >
          <h2
            className="visually-hidden"
          >
            Places
          </h2>
          <b
            className="places__found"
          >
            0
             places to stay in 
            
          </b>
          <form
            action="#"
            className="places__sorting"
            method="get"
            name="sorting"
            onClick={[Function]}
          >
            <span
              className="places__sorting-caption"
            >
              Sort by
            </span>
            <span
              className="places__sorting-type"
              onClick={[Function]}
              tabIndex="0"
            >
              Popular
              <svg
                className="places__sorting-arrow"
                height="4"
                width="7"
              >
                <use
                  xlinkHref="#icon-arrow-select"
                />
              </svg>
            </span>
            <ul
              className="places__options places__options--custom"
              onClick={[Function]}
            >
              <li
                className="places__option places__option--active"
                data-sort="popular"
                tabIndex="0"
              >
                Popular
              </li>
              <li
                className="places__option"
                data-sort="to-high"
                tabIndex="0"
              >
                Price: low to high
              </li>
              <li
                className="places__option"
                data-sort="to-low"
                tabIndex="0"
              >
                Price: high to low
              </li>
              <li
                className="places__option"
                data-sort="top-rated"
                tabIndex="0"
              >
                Top rated first
              </li>
            </ul>
            <select
              className="places__sorting-type visually-hidden"
              id="places-sorting"
            >
              <option
                className="places__option"
                defaultValue={true}
                value="popular"
              >
                Popular
              </option>
              <option
                className="places__option"
                value="to-high"
              >
                Price: low to high
              </option>
              <option
                className="places__option"
                value="to-low"
              >
                Price: high to low
              </option>
              <option
                className="places__option"
                value="top-rated"
              >
                Top rated first
              </option>
            </select>
          </form>
          <div
            className="cities__places-list places__list tabs__content"
            onMouseLeave={[Function]}
          />
        </section>
        <div
          className="cities__right-section"
        >
          <section
            className="cities__map map"
          >
            <div
              style={
                Object {
                  "height": "800px",
                }
              }
            />
          </section>
        </div>
      </div>
    </div>
  </main>
</div>
`;
