// Jest Snapshot v1, https://goo.gl/fbAQLP

exports[`Correctly render Property component 1`] = `null`;
